Category: 📺央视频道, Name: CCTV-1, Total: 133, Valid: 45, Valid Percent: 33.83%, Whitelist: 0, IPv4: 2, IPv6: 131, Min Delay: 0.1 ms, Max Speed: 5.66 M/s, Avg Speed: 0.18 M/s, Max Resolution: 1920x1080
Category: 📺央视频道, Name: CCTV-2, Total: 150, Valid: 71, Valid Percent: 47.33%, Whitelist: 0, IPv4: 3, IPv6: 147, Min Delay: 0.1 ms, Max Speed: 4.96 M/s, Avg Speed: 0.12 M/s, Max Resolution: 1920x1080
Category: 📺央视频道, Name: CCTV-3, Total: 136, Valid: 56, Valid Percent: 41.18%, Whitelist: 0, IPv4: 2, IPv6: 134, Min Delay: 0.1 ms, Max Speed: 5.35 M/s, Avg Speed: 0.17 M/s, Max Resolution: 1920x1080
Category: 📺央视频道, Name: CCTV-4, Total: 256, Valid: 60, Valid Percent: 23.44%, Whitelist: 0, IPv4: 1, IPv6: 255, Min Delay: 0.1 ms, Max Speed: 8.49 M/s, Avg Speed: 0.14 M/s, Max Resolution: 1920x1080
Category: 📺央视频道, Name: CCTV-5, Total: 210, Valid: 43, Valid Percent: 20.48%, Whitelist: 0, IPv4: 6, IPv6: 204, Min Delay: 0.1 ms, Max Speed: 8.09 M/s, Avg Speed: 0.67 M/s, Max Resolution: 1920x1080
Category: 📺央视频道, Name: CCTV-5+, Total: 62, Valid: 42, Valid Percent: 67.74%, Whitelist: 0, IPv4: 1, IPv6: 61, Min Delay: 0.1 ms, Max Speed: 3.40 M/s, Avg Speed: 0.08 M/s, Max Resolution: 1920x1080
Category: 📺央视频道, Name: CCTV-6, Total: 123, Valid: 36, Valid Percent: 29.27%, Whitelist: 0, IPv4: 1, IPv6: 122, Min Delay: 0.1 ms, Max Speed: 8.43 M/s, Avg Speed: 0.23 M/s, Max Resolution: 1920x1080
Category: 📺央视频道, Name: CCTV-7, Total: 140, Valid: 62, Valid Percent: 44.29%, Whitelist: 0, IPv4: 2, IPv6: 138, Min Delay: 0.1 ms, Max Speed: 9.42 M/s, Avg Speed: 0.25 M/s, Max Resolution: 1920x1080
Category: 📺央视频道, Name: CCTV-8, Total: 130, Valid: 48, Valid Percent: 36.92%, Whitelist: 0, IPv4: 1, IPv6: 129, Min Delay: 0.1 ms, Max Speed: 4.71 M/s, Avg Speed: 0.10 M/s, Max Resolution: 1920x1080
Category: 📺央视频道, Name: CCTV-9, Total: 145, Valid: 62, Valid Percent: 42.76%, Whitelist: 0, IPv4: 3, IPv6: 142, Min Delay: 0.1 ms, Max Speed: 6.79 M/s, Avg Speed: 0.20 M/s, Max Resolution: 1920x1080
Category: 📺央视频道, Name: CCTV-10, Total: 141, Valid: 60, Valid Percent: 42.55%, Whitelist: 0, IPv4: 3, IPv6: 138, Min Delay: 0.1 ms, Max Speed: 10.27 M/s, Avg Speed: 0.36 M/s, Max Resolution: 1920x1080
Category: 📺央视频道, Name: CCTV-11, Total: 150, Valid: 68, Valid Percent: 45.33%, Whitelist: 0, IPv4: 2, IPv6: 148, Min Delay: 0.1 ms, Max Speed: 6.35 M/s, Avg Speed: 0.18 M/s, Max Resolution: 1920x1080
Category: 📺央视频道, Name: CCTV-12, Total: 147, Valid: 66, Valid Percent: 44.90%, Whitelist: 0, IPv4: 2, IPv6: 145, Min Delay: 0.1 ms, Max Speed: 8.71 M/s, Avg Speed: 0.18 M/s, Max Resolution: 1920x1080
Category: 📺央视频道, Name: CCTV-13, Total: 128, Valid: 42, Valid Percent: 32.81%, Whitelist: 0, IPv4: 1, IPv6: 127, Min Delay: 0.1 ms, Max Speed: 7.04 M/s, Avg Speed: 0.17 M/s, Max Resolution: 1920x1080
Category: 📺央视频道, Name: CCTV-14, Total: 127, Valid: 41, Valid Percent: 32.28%, Whitelist: 0, IPv4: 3, IPv6: 124, Min Delay: 0.1 ms, Max Speed: 9.39 M/s, Avg Speed: 0.58 M/s, Max Resolution: 1920x1080
Category: 📺央视频道, Name: CCTV-15, Total: 145, Valid: 67, Valid Percent: 46.21%, Whitelist: 0, IPv4: 4, IPv6: 141, Min Delay: 0.1 ms, Max Speed: 9.34 M/s, Avg Speed: 0.28 M/s, Max Resolution: 1920x1080
Category: 📺央视频道, Name: CCTV-16, Total: 47, Valid: 25, Valid Percent: 53.19%, Whitelist: 0, IPv4: 2, IPv6: 45, Min Delay: 0.1 ms, Max Speed: 9.21 M/s, Avg Speed: 0.53 M/s, Max Resolution: 1920x1080
Category: 📺央视频道, Name: CCTV-17, Total: 128, Valid: 46, Valid Percent: 35.94%, Whitelist: 0, IPv4: 2, IPv6: 126, Min Delay: 0.1 ms, Max Speed: 3.22 M/s, Avg Speed: 0.14 M/s, Max Resolution: 1920x1080
Category: 📺央视频道, Name: CETV-1, Total: 103, Valid: 1, Valid Percent: 0.97%, Whitelist: 0, IPv4: 1, IPv6: 102, Min Delay: 483 ms, Max Speed: 0.04 M/s, Avg Speed: 0.04 M/s, Max Resolution: 1920x1080
Category: 📺央视频道, Name: CETV-2, Total: 90, Valid: 0, Valid Percent: 0.00%, Whitelist: 0, IPv4: 0, IPv6: 90, Min Delay: -1 ms, Max Speed: 0.00 M/s, Avg Speed: 0.00 M/s, Max Resolution: None
Category: 📺央视频道, Name: CETV-3, Total: 6, Valid: 0, Valid Percent: 0.00%, Whitelist: 0, IPv4: 0, IPv6: 6, Min Delay: -1 ms, Max Speed: 0.00 M/s, Avg Speed: 0.00 M/s, Max Resolution: None
Category: 📺央视频道, Name: CETV-4, Total: 96, Valid: 1, Valid Percent: 1.04%, Whitelist: 0, IPv4: 1, IPv6: 95, Min Delay: 495 ms, Max Speed: 0.11 M/s, Avg Speed: 0.11 M/s, Max Resolution: 1920x1080
Category: 💰央视付费频道, Name: 文化精品, Total: 3, Valid: 1, Valid Percent: 33.33%, Whitelist: 0, IPv4: 1, IPv6: 2, Min Delay: 293 ms, Max Speed: 11.30 M/s, Avg Speed: 11.30 M/s, Max Resolution: 1920x1080
Category: 💰央视付费频道, Name: 央视台球, Total: 5, Valid: 2, Valid Percent: 40.00%, Whitelist: 0, IPv4: 1, IPv6: 4, Min Delay: 0.1 ms, Max Speed: 15.82 M/s, Avg Speed: 7.91 M/s, Max Resolution: 1920x1080
Category: 💰央视付费频道, Name: 风云音乐, Total: 4, Valid: 2, Valid Percent: 50.00%, Whitelist: 0, IPv4: 2, IPv6: 2, Min Delay: 258 ms, Max Speed: 12.75 M/s, Avg Speed: 6.39 M/s, Max Resolution: 1920x1080
Category: 💰央视付费频道, Name: 第一剧场, Total: 5, Valid: 0, Valid Percent: 0.00%, Whitelist: 0, IPv4: 0, IPv6: 5, Min Delay: -1 ms, Max Speed: 0.00 M/s, Avg Speed: 0.00 M/s, Max Resolution: None
Category: 💰央视付费频道, Name: 风云剧场, Total: 4, Valid: 1, Valid Percent: 25.00%, Whitelist: 0, IPv4: 1, IPv6: 3, Min Delay: 258 ms, Max Speed: 12.54 M/s, Avg Speed: 12.54 M/s, Max Resolution: 1920x1080
Category: 💰央视付费频道, Name: 怀旧剧场, Total: 4, Valid: 0, Valid Percent: 0.00%, Whitelist: 0, IPv4: 0, IPv6: 4, Min Delay: -1 ms, Max Speed: 0.00 M/s, Avg Speed: 0.00 M/s, Max Resolution: None
Category: 💰央视付费频道, Name: 女性时尚, Total: 3, Valid: 1, Valid Percent: 33.33%, Whitelist: 0, IPv4: 1, IPv6: 2, Min Delay: 254 ms, Max Speed: 13.19 M/s, Avg Speed: 13.19 M/s, Max Resolution: 1920x1080
Category: 💰央视付费频道, Name: 高尔夫网球, Total: 3, Valid: 1, Valid Percent: 33.33%, Whitelist: 0, IPv4: 1, IPv6: 2, Min Delay: 317 ms, Max Speed: 14.46 M/s, Avg Speed: 14.46 M/s, Max Resolution: 1920x1080
Category: 💰央视付费频道, Name: 风云足球, Total: 7, Valid: 5, Valid Percent: 71.43%, Whitelist: 0, IPv4: 1, IPv6: 6, Min Delay: 0.1 ms, Max Speed: 13.12 M/s, Avg Speed: 2.62 M/s, Max Resolution: 1920x1080
Category: 💰央视付费频道, Name: 电视指南, Total: 4, Valid: 2, Valid Percent: 50.00%, Whitelist: 0, IPv4: 2, IPv6: 2, Min Delay: 426 ms, Max Speed: 9.50 M/s, Avg Speed: 4.77 M/s, Max Resolution: 1920x1080
Category: 💰央视付费频道, Name: 世界地理, Total: 2, Valid: 1, Valid Percent: 50.00%, Whitelist: 0, IPv4: 0, IPv6: 2, Min Delay: 0.1 ms, Max Speed: 0.00 M/s, Avg Speed: 0.00 M/s, Max Resolution: 1920x1080
Category: 💰央视付费频道, Name: 兵器科技, Total: 3, Valid: 1, Valid Percent: 33.33%, Whitelist: 0, IPv4: 1, IPv6: 2, Min Delay: 237 ms, Max Speed: 14.40 M/s, Avg Speed: 14.40 M/s, Max Resolution: 1920x1080
Category: 📡卫视频道, Name: 广东卫视, Total: 145, Valid: 60, Valid Percent: 41.38%, Whitelist: 0, IPv4: 2, IPv6: 143, Min Delay: 0.1 ms, Max Speed: 14.04 M/s, Avg Speed: 0.31 M/s, Max Resolution: 1920x1080
Category: 📡卫视频道, Name: 香港卫视, Total: 13, Valid: 5, Valid Percent: 38.46%, Whitelist: 0, IPv4: 0, IPv6: 13, Min Delay: 0.1 ms, Max Speed: 0.00 M/s, Avg Speed: 0.00 M/s, Max Resolution: 1920x1080
Category: 📡卫视频道, Name: 浙江卫视, Total: 213, Valid: 71, Valid Percent: 33.33%, Whitelist: 0, IPv4: 3, IPv6: 210, Min Delay: 0.1 ms, Max Speed: 9.46 M/s, Avg Speed: 0.31 M/s, Max Resolution: 1920x1080
Category: 📡卫视频道, Name: 湖南卫视, Total: 171, Valid: 64, Valid Percent: 37.43%, Whitelist: 0, IPv4: 8, IPv6: 163, Min Delay: 0.1 ms, Max Speed: 7.93 M/s, Avg Speed: 0.40 M/s, Max Resolution: 3840x2160
Category: 📡卫视频道, Name: 北京卫视, Total: 155, Valid: 56, Valid Percent: 36.13%, Whitelist: 0, IPv4: 4, IPv6: 151, Min Delay: 0.1 ms, Max Speed: 16.64 M/s, Avg Speed: 0.50 M/s, Max Resolution: 1920x1080
Category: 📡卫视频道, Name: 湖北卫视, Total: 160, Valid: 73, Valid Percent: 45.62%, Whitelist: 0, IPv4: 3, IPv6: 157, Min Delay: 0.1 ms, Max Speed: 9.51 M/s, Avg Speed: 0.30 M/s, Max Resolution: 1920x1080
Category: 📡卫视频道, Name: 黑龙江卫视, Total: 82, Valid: 59, Valid Percent: 71.95%, Whitelist: 0, IPv4: 1, IPv6: 81, Min Delay: 0.1 ms, Max Speed: 14.31 M/s, Avg Speed: 0.24 M/s, Max Resolution: 1920x1080
Category: 📡卫视频道, Name: 安徽卫视, Total: 82, Valid: 61, Valid Percent: 74.39%, Whitelist: 0, IPv4: 3, IPv6: 79, Min Delay: 0.1 ms, Max Speed: 16.40 M/s, Avg Speed: 0.47 M/s, Max Resolution: 1920x1080
Category: 📡卫视频道, Name: 重庆卫视, Total: 84, Valid: 58, Valid Percent: 69.05%, Whitelist: 0, IPv4: 3, IPv6: 81, Min Delay: 0.1 ms, Max Speed: 7.62 M/s, Avg Speed: 0.30 M/s, Max Resolution: 1920x1080
Category: 📡卫视频道, Name: 东方卫视, Total: 156, Valid: 62, Valid Percent: 39.74%, Whitelist: 0, IPv4: 3, IPv6: 153, Min Delay: 0.1 ms, Max Speed: 10.56 M/s, Avg Speed: 0.37 M/s, Max Resolution: 1920x1080
Category: 📡卫视频道, Name: 东南卫视, Total: 72, Valid: 43, Valid Percent: 59.72%, Whitelist: 0, IPv4: 2, IPv6: 70, Min Delay: 0.1 ms, Max Speed: 9.10 M/s, Avg Speed: 0.33 M/s, Max Resolution: 1920x1080
Category: 📡卫视频道, Name: 甘肃卫视, Total: 43, Valid: 25, Valid Percent: 58.14%, Whitelist: 0, IPv4: 1, IPv6: 42, Min Delay: 0.1 ms, Max Speed: 12.96 M/s, Avg Speed: 0.52 M/s, Max Resolution: 1920x1080
Category: 📡卫视频道, Name: 广西卫视, Total: 55, Valid: 38, Valid Percent: 69.09%, Whitelist: 0, IPv4: 4, IPv6: 51, Min Delay: 0.1 ms, Max Speed: 12.58 M/s, Avg Speed: 0.55 M/s, Max Resolution: 1920x1080
Category: 📡卫视频道, Name: 贵州卫视, Total: 57, Valid: 36, Valid Percent: 63.16%, Whitelist: 0, IPv4: 2, IPv6: 55, Min Delay: 0.1 ms, Max Speed: 6.57 M/s, Avg Speed: 0.27 M/s, Max Resolution: 1920x1080
Category: 📡卫视频道, Name: 海南卫视, Total: 183, Valid: 37, Valid Percent: 20.22%, Whitelist: 0, IPv4: 0, IPv6: 183, Min Delay: 0.1 ms, Max Speed: 0.00 M/s, Avg Speed: 0.00 M/s, Max Resolution: 1920x1080
Category: 📡卫视频道, Name: 河北卫视, Total: 65, Valid: 42, Valid Percent: 64.62%, Whitelist: 0, IPv4: 1, IPv6: 64, Min Delay: 0.1 ms, Max Speed: 5.48 M/s, Avg Speed: 0.13 M/s, Max Resolution: 1920x1080
Category: 📡卫视频道, Name: 河南卫视, Total: 138, Valid: 50, Valid Percent: 36.23%, Whitelist: 0, IPv4: 1, IPv6: 137, Min Delay: 0.1 ms, Max Speed: 6.40 M/s, Avg Speed: 0.13 M/s, Max Resolution: 1920x1080
Category: 📡卫视频道, Name: 吉林卫视, Total: 143, Valid: 57, Valid Percent: 39.86%, Whitelist: 0, IPv4: 3, IPv6: 140, Min Delay: 0.1 ms, Max Speed: 14.73 M/s, Avg Speed: 0.37 M/s, Max Resolution: 1920x1080
Category: 📡卫视频道, Name: 江苏卫视, Total: 152, Valid: 64, Valid Percent: 42.11%, Whitelist: 0, IPv4: 1, IPv6: 151, Min Delay: 0.1 ms, Max Speed: 12.09 M/s, Avg Speed: 0.19 M/s, Max Resolution: 1920x1080
Category: 📡卫视频道, Name: 江西卫视, Total: 154, Valid: 65, Valid Percent: 42.21%, Whitelist: 0, IPv4: 1, IPv6: 153, Min Delay: 0.1 ms, Max Speed: 4.78 M/s, Avg Speed: 0.07 M/s, Max Resolution: 1920x1080
Category: 📡卫视频道, Name: 辽宁卫视, Total: 136, Valid: 42, Valid Percent: 30.88%, Whitelist: 0, IPv4: 3, IPv6: 133, Min Delay: 0.1 ms, Max Speed: 10.09 M/s, Avg Speed: 0.42 M/s, Max Resolution: 1920x1080
Category: 📡卫视频道, Name: 内蒙古卫视, Total: 101, Valid: 22, Valid Percent: 21.78%, Whitelist: 0, IPv4: 1, IPv6: 100, Min Delay: 0.1 ms, Max Speed: 7.18 M/s, Avg Speed: 0.33 M/s, Max Resolution: 1920x1080
Category: 📡卫视频道, Name: 宁夏卫视, Total: 58, Valid: 22, Valid Percent: 37.93%, Whitelist: 0, IPv4: 2, IPv6: 56, Min Delay: 0.1 ms, Max Speed: 10.17 M/s, Avg Speed: 0.65 M/s, Max Resolution: 1920x1080
Category: 📡卫视频道, Name: 青海卫视, Total: 138, Valid: 28, Valid Percent: 20.29%, Whitelist: 0, IPv4: 2, IPv6: 136, Min Delay: 0.1 ms, Max Speed: 11.71 M/s, Avg Speed: 0.49 M/s, Max Resolution: 1920x1080
Category: 📡卫视频道, Name: 山东卫视, Total: 65, Valid: 42, Valid Percent: 64.62%, Whitelist: 0, IPv4: 1, IPv6: 64, Min Delay: 0.1 ms, Max Speed: 13.90 M/s, Avg Speed: 0.33 M/s, Max Resolution: 1920x1080
Category: 📡卫视频道, Name: 山西卫视, Total: 30, Valid: 14, Valid Percent: 46.67%, Whitelist: 0, IPv4: 2, IPv6: 28, Min Delay: 0.1 ms, Max Speed: 8.85 M/s, Avg Speed: 1.01 M/s, Max Resolution: 1920x1080
Category: 📡卫视频道, Name: 陕西卫视, Total: 109, Valid: 24, Valid Percent: 22.02%, Whitelist: 0, IPv4: 2, IPv6: 107, Min Delay: 0.1 ms, Max Speed: 13.06 M/s, Avg Speed: 0.75 M/s, Max Resolution: 1920x1080
Category: 📡卫视频道, Name: 四川卫视, Total: 56, Valid: 35, Valid Percent: 62.50%, Whitelist: 0, IPv4: 5, IPv6: 51, Min Delay: 0.1 ms, Max Speed: 9.50 M/s, Avg Speed: 0.41 M/s, Max Resolution: 3840x2160
Category: 📡卫视频道, Name: 深圳卫视, Total: 59, Valid: 36, Valid Percent: 61.02%, Whitelist: 0, IPv4: 3, IPv6: 56, Min Delay: 0.1 ms, Max Speed: 7.19 M/s, Avg Speed: 0.40 M/s, Max Resolution: 1920x1080
Category: 📡卫视频道, Name: 三沙卫视, Total: 87, Valid: 12, Valid Percent: 13.79%, Whitelist: 0, IPv4: 1, IPv6: 86, Min Delay: 0.1 ms, Max Speed: 8.27 M/s, Avg Speed: 0.69 M/s, Max Resolution: 1920x1080
Category: 📡卫视频道, Name: 天津卫视, Total: 63, Valid: 42, Valid Percent: 66.67%, Whitelist: 0, IPv4: 2, IPv6: 61, Min Delay: 0.1 ms, Max Speed: 6.37 M/s, Avg Speed: 0.29 M/s, Max Resolution: 1920x1080
Category: 📡卫视频道, Name: 西藏卫视, Total: 36, Valid: 21, Valid Percent: 58.33%, Whitelist: 0, IPv4: 0, IPv6: 36, Min Delay: 0.1 ms, Max Speed: 0.00 M/s, Avg Speed: 0.00 M/s, Max Resolution: 1920x1080
Category: 📡卫视频道, Name: 新疆卫视, Total: 39, Valid: 21, Valid Percent: 53.85%, Whitelist: 0, IPv4: 0, IPv6: 39, Min Delay: 0.1 ms, Max Speed: 0.00 M/s, Avg Speed: 0.00 M/s, Max Resolution: 1920x1080
Category: 📡卫视频道, Name: 云南卫视, Total: 45, Valid: 26, Valid Percent: 57.78%, Whitelist: 0, IPv4: 2, IPv6: 43, Min Delay: 0.1 ms, Max Speed: 9.80 M/s, Avg Speed: 0.46 M/s, Max Resolution: 1920x1080
Category: ☘️湖南频道, Name: 湖南都市, Total: 11, Valid: 7, Valid Percent: 63.64%, Whitelist: 0, IPv4: 0, IPv6: 11, Min Delay: 0.1 ms, Max Speed: 0.00 M/s, Avg Speed: 0.00 M/s, Max Resolution: 1920x1080
Category: ☘️湖南频道, Name: 湖南经视, Total: 16, Valid: 15, Valid Percent: 93.75%, Whitelist: 0, IPv4: 0, IPv6: 16, Min Delay: 0.1 ms, Max Speed: 0.00 M/s, Avg Speed: 0.00 M/s, Max Resolution: 1920x1080
Category: ☘️湖南频道, Name: 湖南电视剧, Total: 17, Valid: 15, Valid Percent: 88.24%, Whitelist: 0, IPv4: 0, IPv6: 17, Min Delay: 0.1 ms, Max Speed: 0.00 M/s, Avg Speed: 0.00 M/s, Max Resolution: 1920x1080
Category: ☘️湖南频道, Name: 湖南电影, Total: 3, Valid: 2, Valid Percent: 66.67%, Whitelist: 0, IPv4: 0, IPv6: 3, Min Delay: 0.1 ms, Max Speed: 0.00 M/s, Avg Speed: 0.00 M/s, Max Resolution: 1920x1080
Category: ☘️湖南频道, Name: 湖南爱晚, Total: 3, Valid: 1, Valid Percent: 33.33%, Whitelist: 0, IPv4: 0, IPv6: 3, Min Delay: 0.1 ms, Max Speed: 0.00 M/s, Avg Speed: 0.00 M/s, Max Resolution: 1920x1080
Category: ☘️湖南频道, Name: 湖南教育, Total: 2, Valid: 2, Valid Percent: 100.00%, Whitelist: 0, IPv4: 0, IPv6: 2, Min Delay: 0.1 ms, Max Speed: 0.00 M/s, Avg Speed: 0.00 M/s, Max Resolution: 1920x1080
Category: ☘️湖南频道, Name: 湖南娱乐, Total: 11, Valid: 9, Valid Percent: 81.82%, Whitelist: 0, IPv4: 0, IPv6: 11, Min Delay: 0.1 ms, Max Speed: 0.00 M/s, Avg Speed: 0.00 M/s, Max Resolution: 1920x1080
Category: ☘️湖南频道, Name: 湖南国际, Total: 4, Valid: 3, Valid Percent: 75.00%, Whitelist: 0, IPv4: 0, IPv6: 4, Min Delay: 0.1 ms, Max Speed: 0.00 M/s, Avg Speed: 0.00 M/s, Max Resolution: 1920x1080
Category: ☘️湖南频道, Name: 湖南公共, Total: 10, Valid: 10, Valid Percent: 100.00%, Whitelist: 0, IPv4: 0, IPv6: 10, Min Delay: 0.1 ms, Max Speed: 0.00 M/s, Avg Speed: 0.00 M/s, Max Resolution: 1920x1080
Category: ☘️湖南频道, Name: 金鹰纪实, Total: 17, Valid: 8, Valid Percent: 47.06%, Whitelist: 0, IPv4: 0, IPv6: 17, Min Delay: 0.1 ms, Max Speed: 0.00 M/s, Avg Speed: 0.00 M/s, Max Resolution: 1920x1080
Category: ☘️湖南频道, Name: 湖南金鹰纪实, Total: 2, Valid: 2, Valid Percent: 100.00%, Whitelist: 0, IPv4: 0, IPv6: 2, Min Delay: 0.1 ms, Max Speed: 0.00 M/s, Avg Speed: 0.00 M/s, Max Resolution: 1920x1080
Category: 🌊港·澳·台, Name: 翡翠台, Total: 249, Valid: 20, Valid Percent: 8.03%, Whitelist: 0, IPv4: 3, IPv6: 246, Min Delay: 0.1 ms, Max Speed: 9.42 M/s, Avg Speed: 1.02 M/s, Max Resolution: 1920x1080
Category: 🌊港·澳·台, Name: 明珠台, Total: 128, Valid: 0, Valid Percent: 0.00%, Whitelist: 0, IPv4: 0, IPv6: 128, Min Delay: -1 ms, Max Speed: 0.00 M/s, Avg Speed: 0.00 M/s, Max Resolution: None
Category: 🌊港·澳·台, Name: 凤凰中文, Total: 171, Valid: 20, Valid Percent: 11.70%, Whitelist: 0, IPv4: 1, IPv6: 170, Min Delay: 0.1 ms, Max Speed: 6.27 M/s, Avg Speed: 0.31 M/s, Max Resolution: 1920x1080
Category: 🌊港·澳·台, Name: 凤凰资讯, Total: 182, Valid: 35, Valid Percent: 19.23%, Whitelist: 0, IPv4: 0, IPv6: 182, Min Delay: 0.1 ms, Max Speed: 0.00 M/s, Avg Speed: 0.00 M/s, Max Resolution: 1920x1080
Category: 🌊港·澳·台, Name: 凤凰香港, Total: 152, Valid: 16, Valid Percent: 10.53%, Whitelist: 0, IPv4: 1, IPv6: 151, Min Delay: 0.1 ms, Max Speed: 6.43 M/s, Avg Speed: 0.40 M/s, Max Resolution: 1920x1080
Category: 🌊港·澳·台, Name: 凤凰卫视, Total: 7, Valid: 4, Valid Percent: 57.14%, Whitelist: 0, IPv4: 0, IPv6: 7, Min Delay: 0.1 ms, Max Speed: 0.00 M/s, Avg Speed: 0.00 M/s, Max Resolution: 1920x1080
Category: 🌊港·澳·台, Name: TVBS亚洲, Total: 2, Valid: 1, Valid Percent: 50.00%, Whitelist: 0, IPv4: 0, IPv6: 2, Min Delay: 0.1 ms, Max Speed: 0.00 M/s, Avg Speed: 0.00 M/s, Max Resolution: 1920x1080
Category: 🌊港·澳·台, Name: 香港卫视, Total: 13, Valid: 5, Valid Percent: 38.46%, Whitelist: 0, IPv4: 0, IPv6: 13, Min Delay: 0.1 ms, Max Speed: 0.00 M/s, Avg Speed: 0.00 M/s, Max Resolution: 1920x1080
Category: 🌊港·澳·台, Name: 纬来体育, Total: 12, Valid: 9, Valid Percent: 75.00%, Whitelist: 0, IPv4: 4, IPv6: 8, Min Delay: 0.1 ms, Max Speed: 8.61 M/s, Avg Speed: 1.58 M/s, Max Resolution: 1920x1080
Category: 🌊港·澳·台, Name: 纬来育乐, Total: 41, Valid: 1, Valid Percent: 2.44%, Whitelist: 0, IPv4: 1, IPv6: 40, Min Delay: 141 ms, Max Speed: 2.18 M/s, Avg Speed: 2.18 M/s, Max Resolution: 1920x1080
Category: 🌊港·澳·台, Name: J2, Total: 2, Valid: 1, Valid Percent: 50.00%, Whitelist: 0, IPv4: 0, IPv6: 2, Min Delay: 0.1 ms, Max Speed: 0.00 M/s, Avg Speed: 0.00 M/s, Max Resolution: 1920x1080
Category: 🌊港·澳·台, Name: Viutv, Total: 2, Valid: 2, Valid Percent: 100.00%, Whitelist: 0, IPv4: 1, IPv6: 1, Min Delay: 0.1 ms, Max Speed: 8.83 M/s, Avg Speed: 4.42 M/s, Max Resolution: 1920x1080
Category: 🌊港·澳·台, Name: 三立台湾, Total: 2, Valid: 2, Valid Percent: 100.00%, Whitelist: 0, IPv4: 1, IPv6: 1, Min Delay: 0.1 ms, Max Speed: 6.19 M/s, Avg Speed: 3.09 M/s, Max Resolution: 1920x1080
Category: 🌊港·澳·台, Name: 无线新闻, Total: 5, Valid: 5, Valid Percent: 100.00%, Whitelist: 0, IPv4: 0, IPv6: 5, Min Delay: 0.1 ms, Max Speed: 0.00 M/s, Avg Speed: 0.00 M/s, Max Resolution: 1920x1080
Category: 🌊港·澳·台, Name: 三立新闻, Total: 10, Valid: 6, Valid Percent: 60.00%, Whitelist: 0, IPv4: 1, IPv6: 9, Min Delay: 0.1 ms, Max Speed: 6.29 M/s, Avg Speed: 1.05 M/s, Max Resolution: 1920x1080
Category: 🌊港·澳·台, Name: 东森综合, Total: 5, Valid: 4, Valid Percent: 80.00%, Whitelist: 0, IPv4: 3, IPv6: 2, Min Delay: 0.1 ms, Max Speed: 8.37 M/s, Avg Speed: 4.12 M/s, Max Resolution: 1920x1080
Category: 🌊港·澳·台, Name: 东森超视, Total: 13, Valid: 8, Valid Percent: 61.54%, Whitelist: 0, IPv4: 3, IPv6: 10, Min Delay: 0.1 ms, Max Speed: 6.33 M/s, Avg Speed: 1.75 M/s, Max Resolution: 1920x1080
Category: 🌊港·澳·台, Name: 东森电影, Total: 7, Valid: 5, Valid Percent: 71.43%, Whitelist: 0, IPv4: 1, IPv6: 6, Min Delay: 0.1 ms, Max Speed: 6.19 M/s, Avg Speed: 1.24 M/s, Max Resolution: 1920x1080
Category: 🌊港·澳·台, Name: Now剧集, Total: 1, Valid: 0, Valid Percent: 0.00%, Whitelist: 0, IPv4: 0, IPv6: 1, Min Delay: -1 ms, Max Speed: 0.00 M/s, Avg Speed: 0.00 M/s, Max Resolution: None
Category: 🌊港·澳·台, Name: Now华剧, Total: 1, Valid: 1, Valid Percent: 100.00%, Whitelist: 0, IPv4: 1, IPv6: 0, Min Delay: 452 ms, Max Speed: 0.88 M/s, Avg Speed: 0.88 M/s, Max Resolution: 864x720
Category: 🌊港·澳·台, Name: 靖天资讯, Total: 27, Valid: 1, Valid Percent: 3.70%, Whitelist: 0, IPv4: 1, IPv6: 26, Min Delay: 129 ms, Max Speed: 2.38 M/s, Avg Speed: 2.38 M/s, Max Resolution: 1920x1080
Category: 🎬电影频道, Name: CHC家庭影院, Total: 59, Valid: 9, Valid Percent: 15.25%, Whitelist: 0, IPv4: 0, IPv6: 59, Min Delay: 0.1 ms, Max Speed: 0.00 M/s, Avg Speed: 0.00 M/s, Max Resolution: 1920x1080
Category: 🎬电影频道, Name: CHC动作电影, Total: 66, Valid: 17, Valid Percent: 25.76%, Whitelist: 0, IPv4: 0, IPv6: 66, Min Delay: 0.1 ms, Max Speed: 0.00 M/s, Avg Speed: 0.00 M/s, Max Resolution: 1920x1080
Category: 🎬电影频道, Name: CHC高清电影, Total: 6, Valid: 3, Valid Percent: 50.00%, Whitelist: 0, IPv4: 6, IPv6: 0, Min Delay: 10005 ms, Max Speed: 0.48 M/s, Avg Speed: 0.17 M/s, Max Resolution: 1920x1080
Category: 🎬电影频道, Name: 淘剧场, Total: 5, Valid: 2, Valid Percent: 40.00%, Whitelist: 0, IPv4: 0, IPv6: 5, Min Delay: 0.1 ms, Max Speed: 0.00 M/s, Avg Speed: 0.00 M/s, Max Resolution: 1920x1080
Category: 🎬电影频道, Name: 淘娱乐, Total: 5, Valid: 2, Valid Percent: 40.00%, Whitelist: 0, IPv4: 0, IPv6: 5, Min Delay: 0.1 ms, Max Speed: 0.00 M/s, Avg Speed: 0.00 M/s, Max Resolution: 1920x1080
Category: 🎬电影频道, Name: 淘电影, Total: 17, Valid: 17, Valid Percent: 100.00%, Whitelist: 0, IPv4: 0, IPv6: 17, Min Delay: 0.1 ms, Max Speed: 0.00 M/s, Avg Speed: 0.00 M/s, Max Resolution: 1920x1080
Category: 🎬电影频道, Name: NewTV惊悚悬疑, Total: 9, Valid: 1, Valid Percent: 11.11%, Whitelist: 0, IPv4: 0, IPv6: 9, Min Delay: 0.1 ms, Max Speed: 0.00 M/s, Avg Speed: 0.00 M/s, Max Resolution: 1920x1080
Category: 🎬电影频道, Name: NewTV动作电影, Total: 3, Valid: 1, Valid Percent: 33.33%, Whitelist: 0, IPv4: 0, IPv6: 3, Min Delay: 0.1 ms, Max Speed: 0.00 M/s, Avg Speed: 0.00 M/s, Max Resolution: 1920x1080
Category: 🎬电影频道, Name: 黑莓电影, Total: 13, Valid: 9, Valid Percent: 69.23%, Whitelist: 0, IPv4: 0, IPv6: 13, Min Delay: 0.1 ms, Max Speed: 0.00 M/s, Avg Speed: 0.00 M/s, Max Resolution: 1920x1080
Category: 🎬电影频道, Name: 纬来电影, Total: 49, Valid: 0, Valid Percent: 0.00%, Whitelist: 0, IPv4: 0, IPv6: 49, Min Delay: -1 ms, Max Speed: 0.00 M/s, Avg Speed: 0.00 M/s, Max Resolution: None
Category: 🎬电影频道, Name: 靖天映画, Total: 8, Valid: 1, Valid Percent: 12.50%, Whitelist: 0, IPv4: 1, IPv6: 7, Min Delay: 43 ms, Max Speed: 7.15 M/s, Avg Speed: 7.15 M/s, Max Resolution: 1920x1080
Category: 🎬电影频道, Name: 靖天戏剧, Total: 25, Valid: 2, Valid Percent: 8.00%, Whitelist: 0, IPv4: 1, IPv6: 24, Min Delay: 0.1 ms, Max Speed: 6.13 M/s, Avg Speed: 3.06 M/s, Max Resolution: 1920x1080
Category: 🎬电影频道, Name: 经典电影, Total: 10, Valid: 7, Valid Percent: 70.00%, Whitelist: 0, IPv4: 1, IPv6: 9, Min Delay: 0.1 ms, Max Speed: 6.35 M/s, Avg Speed: 0.91 M/s, Max Resolution: 1920x1080
Category: 🎬电影频道, Name: IPTV经典电影, Total: 1, Valid: 1, Valid Percent: 100.00%, Whitelist: 0, IPv4: 1, IPv6: 0, Min Delay: 190 ms, Max Speed: 3.30 M/s, Avg Speed: 3.30 M/s, Max Resolution: 1920x1080
Category: 🎬电影频道, Name: 天映经典, Total: 53, Valid: 1, Valid Percent: 1.89%, Whitelist: 0, IPv4: 1, IPv6: 52, Min Delay: 106 ms, Max Speed: 2.90 M/s, Avg Speed: 2.90 M/s, Max Resolution: 1920x1080
Category: 🎬电影频道, Name: 无线星河, Total: 8, Valid: 1, Valid Percent: 12.50%, Whitelist: 0, IPv4: 0, IPv6: 8, Min Delay: 0.1 ms, Max Speed: 0.00 M/s, Avg Speed: 0.00 M/s, Max Resolution: 1920x1080
Category: 🎬电影频道, Name: 星空卫视, Total: 7, Valid: 2, Valid Percent: 28.57%, Whitelist: 0, IPv4: 1, IPv6: 6, Min Delay: 0.1 ms, Max Speed: 6.15 M/s, Avg Speed: 3.07 M/s, Max Resolution: 1920x1080
Category: 🎬电影频道, Name: 东森电影, Total: 6, Valid: 4, Valid Percent: 66.67%, Whitelist: 0, IPv4: 0, IPv6: 6, Min Delay: 0.1 ms, Max Speed: 0.00 M/s, Avg Speed: 0.00 M/s, Max Resolution: 1920x1080
Category: 🎬电影频道, Name: 龙祥电影, Total: 2, Valid: 0, Valid Percent: 0.00%, Whitelist: 0, IPv4: 0, IPv6: 2, Min Delay: -1 ms, Max Speed: 0.00 M/s, Avg Speed: 0.00 M/s, Max Resolution: None
Category: 🎬电影频道, Name: 东森洋片, Total: 44, Valid: 1, Valid Percent: 2.27%, Whitelist: 0, IPv4: 1, IPv6: 43, Min Delay: 52 ms, Max Speed: 5.87 M/s, Avg Speed: 5.87 M/s, Max Resolution: 1920x1080
Category: 🎬电影频道, Name: 东森超视, Total: 10, Valid: 5, Valid Percent: 50.00%, Whitelist: 0, IPv4: 0, IPv6: 10, Min Delay: 0.1 ms, Max Speed: 0.00 M/s, Avg Speed: 0.00 M/s, Max Resolution: 1920x1080
Category: 🪁动画频道, Name: 少儿动画, Total: 10, Valid: 1, Valid Percent: 10.00%, Whitelist: 0, IPv4: 10, IPv6: 0, Min Delay: 10005 ms, Max Speed: 0.02 M/s, Avg Speed: 0.02 M/s, Max Resolution: 1920x1080
Category: 🪁动画频道, Name: 卡酷动画, Total: 4, Valid: 0, Valid Percent: 0.00%, Whitelist: 0, IPv4: 0, IPv6: 4, Min Delay: -1 ms, Max Speed: 0.00 M/s, Avg Speed: 0.00 M/s, Max Resolution: None
Category: 🪁动画频道, Name: 动漫秀场, Total: 22, Valid: 15, Valid Percent: 68.18%, Whitelist: 0, IPv4: 0, IPv6: 22, Min Delay: 0.1 ms, Max Speed: 0.00 M/s, Avg Speed: 0.00 M/s, Max Resolution: 1920x1080
Category: 🪁动画频道, Name: 新动漫, Total: 30, Valid: 0, Valid Percent: 0.00%, Whitelist: 0, IPv4: 0, IPv6: 30, Min Delay: -1 ms, Max Speed: 0.00 M/s, Avg Speed: 0.00 M/s, Max Resolution: None
Category: 🪁动画频道, Name: 青春动漫, Total: 2, Valid: 2, Valid Percent: 100.00%, Whitelist: 0, IPv4: 0, IPv6: 2, Min Delay: 0.1 ms, Max Speed: 0.00 M/s, Avg Speed: 0.00 M/s, Max Resolution: 1920x1080
Category: 🪁动画频道, Name: 爱动漫, Total: 5, Valid: 4, Valid Percent: 80.00%, Whitelist: 0, IPv4: 0, IPv6: 5, Min Delay: 0.1 ms, Max Speed: 0.00 M/s, Avg Speed: 0.00 M/s, Max Resolution: 1920x1080
Category: 🪁动画频道, Name: 宝宝动画, Total: 1, Valid: 1, Valid Percent: 100.00%, Whitelist: 0, IPv4: 0, IPv6: 1, Min Delay: 0.1 ms, Max Speed: 0.00 M/s, Avg Speed: 0.00 M/s, Max Resolution: 1920x1080
Category: 🪁动画频道, Name: CN卡通, Total: 4, Valid: 3, Valid Percent: 75.00%, Whitelist: 0, IPv4: 1, IPv6: 3, Min Delay: 0.1 ms, Max Speed: 5.45 M/s, Avg Speed: 1.82 M/s, Max Resolution: 1920x1080
Category: 🪁动画频道, Name: 优漫卡通, Total: 17, Valid: 12, Valid Percent: 70.59%, Whitelist: 0, IPv4: 0, IPv6: 17, Min Delay: 0.1 ms, Max Speed: 0.00 M/s, Avg Speed: 0.00 M/s, Max Resolution: 1920x1080
Category: 🪁动画频道, Name: 金鹰卡通, Total: 41, Valid: 32, Valid Percent: 78.05%, Whitelist: 0, IPv4: 0, IPv6: 41, Min Delay: 0.1 ms, Max Speed: 0.00 M/s, Avg Speed: 0.00 M/s, Max Resolution: 1920x1080
Category: 🪁动画频道, Name: 黑莓动画, Total: 8, Valid: 6, Valid Percent: 75.00%, Whitelist: 0, IPv4: 0, IPv6: 8, Min Delay: 0.1 ms, Max Speed: 0.00 M/s, Avg Speed: 0.00 M/s, Max Resolution: 1920x1080
Category: 🪁动画频道, Name: 炫动卡通, Total: 5, Valid: 0, Valid Percent: 0.00%, Whitelist: 0, IPv4: 0, IPv6: 5, Min Delay: -1 ms, Max Speed: 0.00 M/s, Avg Speed: 0.00 M/s, Max Resolution: None
Category: 🪁动画频道, Name: 浙江少儿, Total: 14, Valid: 12, Valid Percent: 85.71%, Whitelist: 0, IPv4: 0, IPv6: 14, Min Delay: 0.1 ms, Max Speed: 0.00 M/s, Avg Speed: 0.00 M/s, Max Resolution: 1920x1080
Category: 🪁动画频道, Name: 河北少儿科教, Total: 11, Valid: 8, Valid Percent: 72.73%, Whitelist: 0, IPv4: 0, IPv6: 11, Min Delay: 0.1 ms, Max Speed: 0.00 M/s, Avg Speed: 0.00 M/s, Max Resolution: 1920x1080
Category: 🪁动画频道, Name: 七龙珠, Total: 1, Valid: 0, Valid Percent: 0.00%, Whitelist: 0, IPv4: 0, IPv6: 1, Min Delay: -1 ms, Max Speed: 0.00 M/s, Avg Speed: 0.00 M/s, Max Resolution: None
Category: 🪁动画频道, Name: 火影忍者, Total: 1, Valid: 0, Valid Percent: 0.00%, Whitelist: 0, IPv4: 0, IPv6: 1, Min Delay: -1 ms, Max Speed: 0.00 M/s, Avg Speed: 0.00 M/s, Max Resolution: None
Category: 🪁动画频道, Name: 海绵宝宝, Total: 1, Valid: 1, Valid Percent: 100.00%, Whitelist: 0, IPv4: 0, IPv6: 1, Min Delay: 0.1 ms, Max Speed: 0.00 M/s, Avg Speed: 0.00 M/s, Max Resolution: 1920x1080
Category: 🪁动画频道, Name: 中华小当家, Total: 3, Valid: 2, Valid Percent: 66.67%, Whitelist: 0, IPv4: 0, IPv6: 3, Min Delay: 0.1 ms, Max Speed: 0.00 M/s, Avg Speed: 0.00 M/s, Max Resolution: 1920x1080
Category: 🪁动画频道, Name: 猫和老鼠, Total: 3, Valid: 2, Valid Percent: 66.67%, Whitelist: 0, IPv4: 0, IPv6: 3, Min Delay: 0.1 ms, Max Speed: 0.00 M/s, Avg Speed: 0.00 M/s, Max Resolution: 1920x1080
Category: 🪁动画频道, Name: 经典动漫, Total: 2, Valid: 2, Valid Percent: 100.00%, Whitelist: 0, IPv4: 0, IPv6: 2, Min Delay: 0.1 ms, Max Speed: 0.00 M/s, Avg Speed: 0.00 M/s, Max Resolution: 1920x1080
Category: 🪁动画频道, Name: 蜡笔小新, Total: 1, Valid: 1, Valid Percent: 100.00%, Whitelist: 0, IPv4: 1, IPv6: 0, Min Delay: 319 ms, Max Speed: 2.47 M/s, Avg Speed: 2.47 M/s, Max Resolution: 1920x1080
Category: 🪁动画频道, Name: 漫画解说, Total: 4, Valid: 2, Valid Percent: 50.00%, Whitelist: 0, IPv4: 0, IPv6: 4, Min Delay: 0.1 ms, Max Speed: 0.00 M/s, Avg Speed: 0.00 M/s, Max Resolution: 1920x1080
Category: 🎮游戏频道, Name: 游戏风云, Total: 8, Valid: 6, Valid Percent: 75.00%, Whitelist: 0, IPv4: 0, IPv6: 8, Min Delay: 0.1 ms, Max Speed: 0.00 M/s, Avg Speed: 0.00 M/s, Max Resolution: 1920x1080
Category: 🎮游戏频道, Name: 电竞天堂, Total: 1, Valid: 1, Valid Percent: 100.00%, Whitelist: 0, IPv4: 0, IPv6: 1, Min Delay: 0.1 ms, Max Speed: 0.00 M/s, Avg Speed: 0.00 M/s, Max Resolution: 1920x1080
Category: 🎮游戏频道, Name: 爱电竞, Total: 1, Valid: 1, Valid Percent: 100.00%, Whitelist: 0, IPv4: 0, IPv6: 1, Min Delay: 0.1 ms, Max Speed: 0.00 M/s, Avg Speed: 0.00 M/s, Max Resolution: 1920x1080
Category: 🏛经典剧场, Name: 笑傲江湖, Total: 3, Valid: 3, Valid Percent: 100.00%, Whitelist: 0, IPv4: 0, IPv6: 3, Min Delay: 0.1 ms, Max Speed: 0.00 M/s, Avg Speed: 0.00 M/s, Max Resolution: 1920x1080
Category: 🏛经典剧场, Name: 天龙八部, Total: 4, Valid: 4, Valid Percent: 100.00%, Whitelist: 0, IPv4: 0, IPv6: 4, Min Delay: 0.1 ms, Max Speed: 0.00 M/s, Avg Speed: 0.00 M/s, Max Resolution: 1920x1080
Category: 🏛经典剧场, Name: 鹿鼎记, Total: 1, Valid: 1, Valid Percent: 100.00%, Whitelist: 0, IPv4: 0, IPv6: 1, Min Delay: 0.1 ms, Max Speed: 0.00 M/s, Avg Speed: 0.00 M/s, Max Resolution: 1920x1080
Category: 🏛经典剧场, Name: 仙剑奇侠传, Total: 1, Valid: 1, Valid Percent: 100.00%, Whitelist: 0, IPv4: 0, IPv6: 1, Min Delay: 0.1 ms, Max Speed: 0.00 M/s, Avg Speed: 0.00 M/s, Max Resolution: 1920x1080
Category: 🏛经典剧场, Name: 西游记, Total: 3, Valid: 0, Valid Percent: 0.00%, Whitelist: 0, IPv4: 0, IPv6: 3, Min Delay: -1 ms, Max Speed: 0.00 M/s, Avg Speed: 0.00 M/s, Max Resolution: None
Category: 🏛经典剧场, Name: 三国演义, Total: 3, Valid: 2, Valid Percent: 66.67%, Whitelist: 0, IPv4: 0, IPv6: 3, Min Delay: 0.1 ms, Max Speed: 0.00 M/s, Avg Speed: 0.00 M/s, Max Resolution: 1920x1080
Category: 🏛经典剧场, Name: 水浒传, Total: 1, Valid: 1, Valid Percent: 100.00%, Whitelist: 0, IPv4: 0, IPv6: 1, Min Delay: 0.1 ms, Max Speed: 0.00 M/s, Avg Speed: 0.00 M/s, Max Resolution: 1920x1080
Category: 🏛经典剧场, Name: 新白娘子传奇, Total: 4, Valid: 4, Valid Percent: 100.00%, Whitelist: 0, IPv4: 0, IPv6: 4, Min Delay: 0.1 ms, Max Speed: 0.00 M/s, Avg Speed: 0.00 M/s, Max Resolution: 1920x1080
Category: 🏛经典剧场, Name: 济公游记, Total: 1, Valid: 1, Valid Percent: 100.00%, Whitelist: 0, IPv4: 0, IPv6: 1, Min Delay: 0.1 ms, Max Speed: 0.00 M/s, Avg Speed: 0.00 M/s, Max Resolution: 1920x1080
Category: 🏛经典剧场, Name: 封神榜, Total: 4, Valid: 3, Valid Percent: 75.00%, Whitelist: 0, IPv4: 0, IPv6: 4, Min Delay: 0.1 ms, Max Speed: 0.00 M/s, Avg Speed: 0.00 M/s, Max Resolution: 1920x1080
Category: 🏛经典剧场, Name: 闯关东, Total: 1, Valid: 1, Valid Percent: 100.00%, Whitelist: 0, IPv4: 1, IPv6: 0, Min Delay: 6971 ms, Max Speed: 1.50 M/s, Avg Speed: 1.50 M/s, Max Resolution: 1280x720
Category: 🏛经典剧场, Name: 上海滩, Total: 2, Valid: 2, Valid Percent: 100.00%, Whitelist: 0, IPv4: 0, IPv6: 2, Min Delay: 0.1 ms, Max Speed: 0.00 M/s, Avg Speed: 0.00 M/s, Max Resolution: 1920x1080
Category: 🏛经典剧场, Name: 射雕英雄传, Total: 1, Valid: 1, Valid Percent: 100.00%, Whitelist: 0, IPv4: 0, IPv6: 1, Min Delay: 0.1 ms, Max Speed: 0.00 M/s, Avg Speed: 0.00 M/s, Max Resolution: 1920x1080
